
> my-v0-project@0.1.0 dev /Users/hoamai/Downloads/homestay-booking (1)
> next dev

   ▲ Next.js 15.2.4
   - Local:        http://localhost:3000
   - Network:      http://192.168.1.80:3000
   - Environments: .env

 ✓ Starting...
 ✓ Ready in 1458ms
[?25h
